(node:39211) [MODULE_TYPELESS_PACKAGE_JSON] Warning: Module type of file:///Users/damian/local-operator-mobile-worktrees/transcript-depth/tools/visual/capture.ts is not specified and it doesn't parse as CommonJS.
Reparsing as ES module because module syntax was detected. This incurs a performance overhead.
To eliminate this warning, add "type": "module" to /Users/damian/local-operator-mobile-worktrees/transcript-depth/package.json.
(Use `node --trace-warnings ...` to show where the warning was created)
capture plan: 8 cells × 3 frame(s) = 24 frames
  screens: S5, path:/session/6714def86197
  devices planned: iphone-15 — 1 of 19 declared profiles, the other 18 not in this run's plan
  themes:  dark, light
  scales:  100, 200
  out:     /Users/damian/.local-operator/sessions/057953fbc8f0/scratchpad/rem63r2/frames-after-15
  deadline: 900 s (explicit)
[1/8] path--session-6714def86197__warm__iphone-15__dark__100  theme=dark(q) canvas=rgb(34, 32, 28) els=97 text=20.296875px 14080b 06b4abaa60a98a14
[2/8] path--session-6714def86197__warm__iphone-15__dark__200  theme=dark(q) canvas=rgb(34, 32, 28) els=123 text=40.59375px 14080b 06b4abaa60a98a14
[3/8] path--session-6714def86197__warm__iphone-15__light__100  theme=light(q) canvas=rgb(242, 237, 227) els=121 text=20.296875px 14079b a75c5429b481e873
[4/8] path--session-6714def86197__warm__iphone-15__light__200  theme=light(q) canvas=rgb(242, 237, 227) els=123 text=40.59375px 14079b a75c5429b481e873
[5/8] S5__find-caveat__iphone-15__dark__100  theme=dark(q) canvas=rgb(34, 32, 28) els=626 text=17.390625px 183791b 21cca1424be43bd5
[6/8] S5__find-caveat__iphone-15__dark__200  theme=dark(q) canvas=rgb(34, 32, 28) els=371 text=34.796875px 174273b 5fa7720712dd90bb
[7/8] S5__find-caveat__iphone-15__light__100  theme=light(q) canvas=rgb(242, 237, 227) els=626 text=17.390625px 185098b ab91773f78a517ba
[8/8] S5__find-caveat__iphone-15__light__200  theme=light(q) canvas=rgb(242, 237, 227) els=371 text=34.796875px 174605b 5c882224ea10d4c5
  teardown: 0 process(es) left by this run, 0 orphan(s) from earlier runs reaped, 0 live owner(s) left alone, 4 cell(s) whose settled frame was retaken to agree with its readings

captured 8 cells / 24 frames in 76.1 s
device coverage: 1 of 19 declared profiles captured (iphone-15); 18 NOT captured (iphone-se, iphone-se2, android-compact, android-small, android-large, iphone-max, fold-cover, fold-open, iphone-15-landscape, android-large-landscape, tablet-768, tablet-768-landscape, tablet, tablet-landscape, tablet-pro, tablet-pro-landscape, android-tablet, android-tablet-landscape)
frames that changed after first paint: 8
text-scale dimension: scale dimension is live across 4/4 measured pairs (every type role grew by the cell's own factor)
  text-scale notes: 3 pair(s) show a size only at 200% — a node that did not move with the root font size, or a layout that introduced it at this scale; named, not failed
theme problems: none — every frame's resolved theme and canvas match its cell, and no dark/light pair is identical
scrolled presses: none — every opener pressed a control that was already on screen
UNREADY CELLS (1):
  - path--session-6714def86197__warm__iphone-15__dark__100: the cell declares 'warm' but the app is showing an empty state (session-transcript-empty): the state was never reached
NOT MEASURABLE: 1 of 8 cells — their frames are the app's fallback screen, not the declared state
