(node:49476) [MODULE_TYPELESS_PACKAGE_JSON] Warning: Module type of file:///Users/damian/local-operator-mobile-worktrees/transcript-depth/tools/visual/capture.ts is not specified and it doesn't parse as CommonJS.
Reparsing as ES module because module syntax was detected. This incurs a performance overhead.
To eliminate this warning, add "type": "module" to /Users/damian/local-operator-mobile-worktrees/transcript-depth/package.json.
(Use `node --trace-warnings ...` to show where the warning was created)
capture plan: 40 cells × 3 frame(s) = 120 frames
  screens: S5, path:/session/6714def86197
  devices planned: iphone-se, iphone-15 — 2 of 19 declared profiles, the other 17 not in this run's plan
  themes:  dark, light
  scales:  100, 200
  out:     /Users/damian/.local-operator/sessions/057953fbc8f0/scratchpad/rem63r2/frames-after-full
  deadline: 1800 s (explicit)
[1/40] path--session-6714def86197__warm__iphone-se__dark__100  theme=dark(q) canvas=rgb(34, 32, 28) els=99 text=20.296875px 4376b b4eb8588bfa4f25f
[2/40] path--session-6714def86197__warm__iphone-se__dark__200  theme=dark(q) canvas=rgb(34, 32, 28) els=123 text=40.59375px 40185b 4664d6f7c29f0dc6
[3/40] path--session-6714def86197__warm__iphone-se__light__100  theme=light(q) canvas=rgb(242, 237, 227) els=123 text=20.296875px 29820b 521d3084017ffd4e
[4/40] path--session-6714def86197__warm__iphone-se__light__200  theme=light(q) canvas=rgb(242, 237, 227) els=123 text=40.59375px 4375b 9555d827c3d211c5
[5/40] path--session-6714def86197__warm__iphone-15__dark__100  theme=dark(q) canvas=rgb(34, 32, 28) els=121 text=20.296875px 14080b 06b4abaa60a98a14
[6/40] path--session-6714def86197__warm__iphone-15__dark__200  theme=dark(q) canvas=rgb(34, 32, 28) els=123 text=40.59375px 14080b 06b4abaa60a98a14
[7/40] path--session-6714def86197__warm__iphone-15__light__100  theme=light(q) canvas=rgb(242, 237, 227) els=121 text=20.296875px 14079b a75c5429b481e873
[8/40] path--session-6714def86197__warm__iphone-15__light__200  theme=light(q) canvas=rgb(242, 237, 227) els=123 text=40.59375px 14079b a75c5429b481e873
[9/40] S5__find-empty__iphone-se__dark__100  theme=dark(q) canvas=rgb(34, 32, 28) els=269 text=17.390625px 48270b e295a6b2feee0487
[10/40] S5__find-empty__iphone-se__dark__200  theme=dark(q) canvas=rgb(34, 32, 28) els=277 text=40.59375px 65670b 8b27ea862b6a4174
[11/40] S5__find-empty__iphone-se__light__100  theme=light(q) canvas=rgb(242, 237, 227) els=269 text=17.390625px 48567b 930df66dea12179e
[12/40] S5__find-empty__iphone-se__light__200  theme=light(q) canvas=rgb(242, 237, 227) els=277 text=40.59375px 65958b 2d95ff71c0e5b5c2
[13/40] S5__find-empty__iphone-15__dark__100  theme=dark(q) canvas=rgb(34, 32, 28) els=609 text=17.390625px 161554b 9cc40288b5e7b692
[14/40] S5__find-empty__iphone-15__dark__200  theme=dark(q) canvas=rgb(34, 32, 28) els=277 text=40.59375px 136282b 1a6dc31f346c45e9
[15/40] S5__find-empty__iphone-15__light__100  theme=light(q) canvas=rgb(242, 237, 227) els=449 text=17.390625px 162483b 3b82b463222397c5
[16/40] S5__find-empty__iphone-15__light__200  theme=light(q) canvas=rgb(242, 237, 227) els=277 text=40.59375px 136314b 2303e5e81e88a786
[17/40] S5__find-hit__iphone-se__dark__100  theme=dark(q) canvas=rgb(34, 32, 28) els=354 text=17.390625px 71996b 0e4ff0a1ce69f462
[18/40] S5__find-hit__iphone-se__dark__200  theme=dark(q) canvas=rgb(34, 32, 28) els=273 text=39.015625px 67163b ad08917139d01d26
[19/40] S5__find-hit__iphone-se__light__100  theme=light(q) canvas=rgb(242, 237, 227) els=354 text=17.390625px 71655b d5929a98880b197f
[20/40] S5__find-hit__iphone-se__light__200  theme=light(q) canvas=rgb(242, 237, 227) els=273 text=39.015625px 67150b 788a2ef5446ef498
[21/40] S5__find-hit__iphone-15__dark__100  theme=dark(q) canvas=rgb(34, 32, 28) els=339 text=17.390625px 224867b 65bb3f003c1563c2
[22/40] S5__find-hit__iphone-15__dark__200  theme=dark(q) canvas=rgb(34, 32, 28) els=273 text=39.015625px 179029b 9f5f4e2d62d0eb0e
[23/40] S5__find-hit__iphone-15__light__100  theme=light(q) canvas=rgb(242, 237, 227) els=339 text=17.390625px 222919b 9a3f3c3966654a33
[24/40] S5__find-hit__iphone-15__light__200  theme=light(q) canvas=rgb(242, 237, 227) els=273 text=39.015625px 177902b a686f3339cc1973a
[25/40] S5__find-related__iphone-se__dark__100  theme=dark(q) canvas=rgb(34, 32, 28) els=287 text=17.390625px 69542b 82f6734621775047
[26/40] S5__find-related__iphone-se__dark__200  theme=dark(q) canvas=rgb(34, 32, 28) els=302 text=34.796875px 83437b 127d048580ee1d1c
[27/40] S5__find-related__iphone-se__light__100  theme=light(q) canvas=rgb(242, 237, 227) els=287 text=17.390625px 69645b 145a92dc4068208b
[28/40] S5__find-related__iphone-se__light__200  theme=light(q) canvas=rgb(242, 237, 227) els=302 text=34.796875px 84223b 6b51a74d454e66f5
[29/40] S5__find-related__iphone-15__dark__100  theme=dark(q) canvas=rgb(34, 32, 28) els=467 text=17.390625px 179009b 5703f3f2cc022558
[30/40] S5__find-related__iphone-15__dark__200  theme=dark(q) canvas=rgb(34, 32, 28) els=295 text=34.796875px 164747b 9ee3853849e4c840
[31/40] S5__find-related__iphone-15__light__100  theme=light(q) canvas=rgb(242, 237, 227) els=627 text=17.390625px 179482b 31f1c951d70df9c8
[32/40] S5__find-related__iphone-15__light__200  theme=light(q) canvas=rgb(242, 237, 227) els=295 text=34.796875px 165555b 2c45ae474c83feab
[33/40] S5__find-results__iphone-se__dark__100  theme=dark(q) canvas=rgb(34, 32, 28) els=283 text=17.390625px 60951b 1b7b4628c0c7d6c6
[34/40] S5__find-results__iphone-se__dark__200  theme=dark(q) canvas=rgb(34, 32, 28) els=298 text=39.015625px 71362b f80ee359e2a5d7af
[35/40] S5__find-results__iphone-se__light__100  theme=light(q) canvas=rgb(242, 237, 227) els=283 text=17.390625px 60964b e72e0a85d8e11eb7
[36/40] S5__find-results__iphone-se__light__200  theme=light(q) canvas=rgb(242, 237, 227) els=298 text=39.015625px 72322b bd678ea2a7ad2df8
[37/40] S5__find-results__iphone-15__dark__100  theme=dark(q) canvas=rgb(34, 32, 28) els=463 text=17.390625px 159656b f2d6b324ddde65aa
[38/40] S5__find-results__iphone-15__dark__200  theme=dark(q) canvas=rgb(34, 32, 28) els=291 text=39.015625px 139560b 21d1eb5b30f015d1
[39/40] S5__find-results__iphone-15__light__100  theme=light(q) canvas=rgb(242, 237, 227) els=463 text=17.390625px 160435b 5076724e51045293
[40/40] S5__find-results__iphone-15__light__200  theme=light(q) canvas=rgb(242, 237, 227) els=291 text=39.015625px 140735b 47cfa0957e6a104f
  teardown: 0 process(es) left by this run, 0 orphan(s) from earlier runs reaped, 0 live owner(s) left alone, 28 cell(s) whose settled frame was retaken to agree with its readings

captured 40 cells / 120 frames in 363.7 s
device coverage: 2 of 19 declared profiles captured (iphone-se, iphone-15); 17 NOT captured (iphone-se2, android-compact, android-small, android-large, iphone-max, fold-cover, fold-open, iphone-15-landscape, android-large-landscape, tablet-768, tablet-768-landscape, tablet, tablet-landscape, tablet-pro, tablet-pro-landscape, android-tablet, android-tablet-landscape)
frames that changed after first paint: 36
text-scale dimension: scale dimension is live across 20/20 measured pairs (every type role grew by the cell's own factor)
  text-scale notes: 17 pair(s) show a size only at 200% — a node that did not move with the root font size, or a layout that introduced it at this scale; named, not failed
theme problems: none — every frame's resolved theme and canvas match its cell, and no dark/light pair is identical
scrolled presses: none — every opener pressed a control that was already on screen
UNREADY CELLS (1):
  - path--session-6714def86197__warm__iphone-se__dark__100: the cell declares 'warm' but the app is showing an empty state (session-transcript-empty): the state was never reached
NOT MEASURABLE: 1 of 40 cells — their frames are the app's fallback screen, not the declared state
